// Jest Snapshot v1, https://goo.gl/fbAQLP

exports[`Test Quotes component Test component should render properly 1`] = `
<div
  className="qoutes"
>
  <h1>
     Quotes from Api about happiness
  </h1>
</div>
`;
